// Jest Snapshot v1, https://goo.gl/fbAQLP

exports[`Test in GifItem should be match with the snapshot 1`] = `
<div>
  <div
    class="card"
  >
    <img
      alt="Snapshot title"
      src="https://one-punch.com/saitama.jpg"
    />
    <p>
      Snapshot title
    </p>
  </div>
</div>
`;
